Login: 200
Signal: 200
{
  "symbol": "ADANIENT26MAR2080CE",
  "signal": "buy",
  "entry_price": 85.65,
  "stop_loss": 64.43,
  "target": 112.18,
  "index": "ADANIENT",
  "option_type": "CE",
  "source": "zerodha_option_chain"
}
